[ecoinbitrading.com/index.html]
[backblue.gif]
[fade.gif]
[index.html]
[ecoinbitrading.com/favicon.png]
[ecoinbitrading.com/cdnjs.cloudflare.com/ajax/libs/font-awesome/4.4.0/css/font-awesome.min.html]
[cdnjs.cloudflare.com/ajax/libs/font-awesome/6.1.2/css/all.min.css]
[cdnjs.cloudflare.com/ajax/libs/fontawesome-iconpicker/3.2.0/js/fontawesome-iconpicker.min.js]
[ecoinbitrading.com/css/main.css]
[ecoinbitrading.com/css/animate.min.css]
[cdnjs.cloudflare.com/ajax/libs/font-awesome/4.7.0/css/font-awesome.css]
[ecoinbitrading.com/js/manifest.json]
[ecoinbitrading.com/images/icon/icon-192.html]
[ecoinbitrading.com/images/icon/apple-touch-icon.png]
[ecoinbitrading.com/images/icon/apple-touch-icon-57x57.html]
[ecoinbitrading.com/images/icon/apple-touch-icon-72x72.html]
[ecoinbitrading.com/images/icon/apple-touch-icon-114x114.png]
[ecoinbitrading.com/images/icon/apple-touch-icon-144x144.png]
[ecoinbitrading.com/js/jquery.min.js]
[ecoinbitrading.com/js/jquery-ui.js]
[ecoinbitrading.com/js/jquery.form.js]
[ecoinbitrading.com/css/select2.min.css]
[s3.tradingview.com/external-embedding/embed-widget-ticker-tape.js]
[ecoinbitrading.com/info/about.html]
[ecoinbitrading.com/index-3.html]
[ecoinbitrading.com/info/terms.html]
[ecoinbitrading.com/index-2.html]
[ecoinbitrading.com/faqs.html]
[ecoinbitrading.com/contact.html]
[ecoinbitrading.com/affiliate_program.html]
[ecoinbitrading.com/slick/slick.css]
[ecoinbitrading.com/images/912465.jpg]
[ecoinbitrading.com/slick/slick-theme.css]
[ecoinbitrading.com/images/913441.jpg]
[ecoinbitrading.com/js/jquery.fittext.js]
[ecoinbitrading.com/images/download-bitcoin.png]
[ecoinbitrading.com/images/add-bitcoins.png]
[ecoinbitrading.com/images/buy-sell-bitcoins.png]
[ecoinbitrading.com/images/about-us.png]
[ecoinbitrading.com/images/strong-security.png]
[ecoinbitrading.com/images/world-coverage.png]
[ecoinbitrading.com/images/payment-options.png]
[ecoinbitrading.com/images/mobile-app.png]
[ecoinbitrading.com/images/cost-efficiency.png]
[ecoinbitrading.com/images/high-liquidity.png]
[ecoinbitrading.com/js/jquery-modal-video.min.js]
[ecoinbitrading.com/css/modal-video.min.css]
[ecoinbitrading.com/css/ion.rangeSlider.css]
[ecoinbitrading.com/css/ion.rangeSlider.skinHTML5.css]
[ecoinbitrading.com/js/ion.rangeSlider.min.js]
[ecoinbitrading.com/images/avatar.png]
[ecoinbitrading.com/js/select2.min.js]
[ecoinbitrading.com/slick/slick.js]
[ecoinbitrading.com/slick/slick-animation.min.js]
[ecoinbitrading.com/get-started.html]
[ecoinbitrading.com/fpass.html]
[ecoinbitrading.com/images/5b55bb652af1a.png]
[ecoinbitrading.com/images/1532345051h7.png]
[ecoinbitrading.com/images/1532345115h7.png]
[ecoinbitrading.com/index.html]
[ecoinbitrading.com/cdnjs.cloudflare.com/ajax/libs/font-awesome/4.4.0/css/font-awesome.min.html]
[cdnjs.cloudflare.com/ajax/libs/font-awesome/6.1.2/css/all.min.css]
[ecoinbitrading.com/js/particle.js]
[ecoinbitrading.com/fonts/museo-sans-300-webfont.eot]
[ecoinbitrading.com/fonts/museo-sans-300-webfont.woff]
[ecoinbitrading.com/fonts/museo-sans-300-webfont.svg]
[ecoinbitrading.com/fonts/museo-sans-300-webfont.ttf]
[ecoinbitrading.com/fonts/museo-sans-300-webfontd41dd41dd41d.eot]
[ecoinbitrading.com/fonts/museo-sans-300-italic-webfont.eot]
[ecoinbitrading.com/fonts/museo-sans-300-italic-webfont.woff]
[ecoinbitrading.com/fonts/museo-sans-300-italic-webfontd41dd41dd41d.eot]
[ecoinbitrading.com/fonts/museo-sans-300-italic-webfont.svg]
[ecoinbitrading.com/fonts/museo-sans-500-webfontd41dd41dd41d.eot]
[ecoinbitrading.com/fonts/museo-sans-500-webfont.woff]
[ecoinbitrading.com/fonts/museo-sans-500-webfont.ttf]
[ecoinbitrading.com/fonts/museo-sans-500-webfont.eot]
[ecoinbitrading.com/fonts/museo-sans-300-italic-webfont.ttf]
[ecoinbitrading.com/fonts/museo-sans-500-webfont.svg]
[ecoinbitrading.com/fonts/museo-sans-500-italic-webfontd41dd41dd41d.eot]
[ecoinbitrading.com/fonts/museo-sans-500-italic-webfont.woff]
[ecoinbitrading.com/fonts/museo-sans-500-italic-webfont.eot]
[ecoinbitrading.com/fonts/museo-sans-500-italic-webfont.ttf]
[ecoinbitrading.com/fonts/museo-sans-500-italic-webfont.svg]
[ecoinbitrading.com/fonts/museo-sans-700-webfont.eot]
[ecoinbitrading.com/fonts/museo-sans-700-webfont.woff]
[ecoinbitrading.com/fonts/museo-sans-700-webfontd41dd41dd41d.eot]
[ecoinbitrading.com/fonts/museo-sans-700-webfont.ttf]
[ecoinbitrading.com/fonts/museo-sans-700-webfont.svg]
[ecoinbitrading.com/fonts/museo-sans-700-italic-webfontd41dd41dd41d.eot]
[ecoinbitrading.com/fonts/museo-sans-700-italic-webfont.woff]
[ecoinbitrading.com/fonts/museo-sans-700-italic-webfont.ttf]
[ecoinbitrading.com/fonts/museo-sans-700-italic-webfont.eot]
[ecoinbitrading.com/fonts/museo-sans-700-italic-webfont.svg]
[ecoinbitrading.com/images/onerror.html]
[ecoinbitrading.com/images/success.html]
[ecoinbitrading.com/images/notice.html]
[ecoinbitrading.com/images/error.html]
[ecoinbitrading.com/images/warning.html]
[ecoinbitrading.com/images/check.html]
[ecoinbitrading.com/images/888104.jpg]
[ecoinbitrading.com/images/Bitcoin-12.jpg]
[ecoinbitrading.com/images/dotted-world-map-vector-1.png]
[ecoinbitrading.com/images/diamond.jpg]
[ecoinbitrading.com/css/main.css]
[ecoinbitrading.com/css/animate.min.css]
[cdnjs.cloudflare.com/ajax/libs/font-awesome/4.7.0/css/font-awesome.css]
[ecoinbitrading.com/images/icon/icon-192.html]
[ecoinbitrading.com/images/icon/apple-touch-icon-57x57.html]
[ecoinbitrading.com/images/icon/apple-touch-icon-72x72.html]
[ecoinbitrading.com/js/sweatalert.min.html]
[ecoinbitrading.com/css/select2.min.css]
[ecoinbitrading.com/index-2.html]
[ecoinbitrading.com/login.php]
[ecoinbitrading.com/register.php]
[ecoinbitrading.com/images/icon/icon-310x310.png]
[ecoinbitrading.com/images/icon/icon-70x70.png]
[ecoinbitrading.com/images/icon/icon-150x150.png]
[ecoinbitrading.com/images/icon/icon-310x150.png]
[ecoinbitrading.com/images/Untitled-4best.jpg]
[ecoinbitrading.com/info/about.html]
[ecoinbitrading.com/index-3.html]
[ecoinbitrading.com/info/terms.html]
[ecoinbitrading.com/faqs.html]
[ecoinbitrading.com/js/mail.js]
[ecoinbitrading.com/contact.html]
[ecoinbitrading.com/affiliate_program.html]
[ecoinbitrading.com/slick/slick.css]
[ecoinbitrading.com/slick/ajax-loader.gif]
[ecoinbitrading.com/slick/fonts/slick.eot]
[ecoinbitrading.com/slick/fonts/slickd41dd41dd41d.eot]
[ecoinbitrading.com/slick/fonts/slick.woff]
[ecoinbitrading.com/slick/fonts/slick.ttf]
[ecoinbitrading.com/slick/fonts/slick.svg]
[ecoinbitrading.com/slick/slick-theme.css]
[ecoinbitrading.com/css/modal-video.min.css]
[ecoinbitrading.com/css/ion.rangeSlider.css]
[ecoinbitrading.com/css/ion.rangeSlider.skinHTML5.css]
[ecoinbitrading.com/uploads/small/4991597591857.html]
[ecoinbitrading.com/uploads/small/6981597591504.html]
[ecoinbitrading.com/uploads/small/4941597591323.html]
[ecoinbitrading.com/uploads/small/4111597591055.html]
[ecoinbitrading.com/uploads/small/5761597590797.html]
[ecoinbitrading.com/uploads/small/5511597007223.html]
[ecoinbitrading.com/uploads/small/5321597006964.html]
[ecoinbitrading.com/uploads/small/5221597006888.html]
[ecoinbitrading.com/uploads/small/6961597006775.html]
[ecoinbitrading.com/uploads/small/6391597006127.html]
[ecoinbitrading.com/widgets.bitcoin.com/widget.html]
[ecoinbitrading.com/images/blockchain.png]
[ecoinbitrading.com/images/coinbase.png]
[ecoinbitrading.com/get-started.html]
[ecoinbitrading.com/regsiter.html]
[ecoinbitrading.com/js/regvalidation.js]
[ecoinbitrading.com/fpass.html]
[ecoinbitrading.com/fonts/museo-sans-300-webfont.svg]
[ecoinbitrading.com/fonts/museo-sans-300-italic-webfont.svg]
[ecoinbitrading.com/fonts/museo-sans-500-webfont.svg]
[ecoinbitrading.com/fonts/museo-sans-500-italic-webfont.svg]
[ecoinbitrading.com/fonts/museo-sans-700-webfont.svg]
[ecoinbitrading.com/fonts/museo-sans-700-italic-webfont.svg]
[ecoinbitrading.com/images/onerror.html]
[ecoinbitrading.com/images/success.html]
[ecoinbitrading.com/images/notice.html]
[ecoinbitrading.com/images/error.html]
[ecoinbitrading.com/images/warning.html]
[ecoinbitrading.com/images/check.html]
[ecoinbitrading.com/login.php]
[ecoinbitrading.com/register.php]
[ecoinbitrading.com/cdnjs.cloudflare.com/ajax/libs/font-awesome/4.4.0/css/font-awesome.min-2.html]
[ecoinbitrading.com/images/icon/icon-193.html]
[ecoinbitrading.com/images/icon/apple-touch-icon-57x57-2.html]
[ecoinbitrading.com/images/icon/apple-touch-icon-72x72-2.html]
[ecoinbitrading.com/slick/fonts/slick.svg]
[code.tidio.co_443/mxlvwf8xl6ybziycx1ljnazcmw50qyjo.js]
[ecoinbitrading.com/js/intlTelInput.js]
[ecoinbitrading.com/fonts/museo-sans-500-italic-webfont.woff]
[ecoinbitrading.com/css/intlTelInput.css]
[ecoinbitrading.com/images/flags.png]
[ecoinbitrading.com/images/flags@2x.png]
[ecoinbitrading.com/css/intlTelInput.css]
